<div>
  <div><a href="https://spark.adobe.com/video/FZXqFDNFog5qY" class="">
      <picture>
        <source media="(max-width: 400px)"
          srcset="./media_35ddae1c71c67d8605c37871b8881af5d29c6acc.png?width=750&amp;format=webply&amp;optimize=medium">
        <img src="./media_35ddae1c71c67d8605c37871b8881af5d29c6acc.png?width=2000&amp;format=webply&amp;optimize=medium"
          alt="" loading="lazy">
      </picture>
      <p></p>
    </a></div>
</div>