<div class="new-banner">
  <div>
    <div>
      <h2>Banner title</h2>
      <p><a href="https://www.example.com">CTA</a></p>
    </div>
  </div>
</div>