<div class="new-banner">
  <div>
    <div>
      <h3>Banner title</h3>
      <p><a href="https://www.example.com">CTA</a></p>
    </div>
  </div>
</div>