<div>
  <div><a href="https://adobesparkpost.app.link/QuxI3vNBZ5" class="">
      <p></p>
      <picture>
        <source media="(max-width: 400px)"
          srcset="./media_ce75b319cd2e8be003380efa8d1328cd487b5147.jpeg?width=750&amp;format=webply&amp;optimize=medium">
        <img
          src="./media_ce75b319cd2e8be003380efa8d1328cd487b5147.jpeg?width=2000&amp;format=webply&amp;optimize=medium"
          alt="fashion blogging pinterest" title="" loading="lazy">
      </picture>
      <p></p>
      <p></p>
    </a></div>
  <div></div>
</div>