<div>
  <div><a href="https://spark.adobe.com/express-apps/logo-maker/" class="">
      <picture>
        <source media="(max-width: 400px)"
          srcset="./media_3c7abf18da24911168030b2a70120967cab1a6f0.png?width=750&amp;format=webply&amp;optimize=medium">
        <img src="./media_3c7abf18da24911168030b2a70120967cab1a6f0.png?width=2000&amp;format=webply&amp;optimize=medium"
          alt="camera logo express app" title="camera logo express app" loading="lazy">
      </picture>
    </a></div>
  <div></div>
</div>