<div class="template-list large">
  <div>
    <div>
      <picture>
        <source media="(max-width: 400px)"
          srcset="./media_db4475e541730b568d5f2017d1fb173810aee768.png?width=750&amp;auto=webp&amp;format=pjpg&amp;optimize=medium">
        <img src="./media_db4475e541730b568d5f2017d1fb173810aee768.png?width=2000&amp;auto=webp&amp;format=pjpg&amp;optimize=medium"
          alt="" loading="lazy">
      </picture>
    </div>
    <div><a href="https://spark.adobe.com/post/BshlLeOZHhNAy">Edit this template</a></div>
  </div>
</div>
